&&&& RUNNING TensorRT.trtexec [TensorRT v100300] # /usr/src/tensorrt/bin/trtexec --onnx=onnx/vit_fp16_static.onnx --saveEngine=/tmp/vit_tc1.engine --stronglyTyped --memPoolSize=workspace:2048 --builderOptimizationLevel=2 --skipInference --timingCacheFile=/home/nvidia/work/qwen25vl-orin-deploy/results/raw/vit_l2.timingcache
[08/04/2026-18:49:41] [I] === Model Options ===
[08/04/2026-18:49:41] [I] Format: ONNX
[08/04/2026-18:49:41] [I] Model: onnx/vit_fp16_static.onnx
[08/04/2026-18:49:41] [I] Output:
[08/04/2026-18:49:41] [I] === Build Options ===
[08/04/2026-18:49:41] [I] Memory Pools: workspace: 2048 MiB, dlaSRAM: default, dlaLocalDRAM: default, dlaGlobalDRAM: default, tacticSharedMem: default
[08/04/2026-18:49:41] [I] avgTiming: 8
[08/04/2026-18:49:41] [I] Precision: Strongly Typed
[08/04/2026-18:49:41] [I] LayerPrecisions: 
[08/04/2026-18:49:41] [I] Layer Device Types: 
[08/04/2026-18:49:41] [I] Calibration: 
[08/04/2026-18:49:41] [I] Refit: Disabled
[08/04/2026-18:49:41] [I] Strip weights: Disabled
[08/04/2026-18:49:41] [I] Version Compatible: Disabled
[08/04/2026-18:49:41] [I] ONNX Plugin InstanceNorm: Disabled
[08/04/2026-18:49:41] [I] TensorRT runtime: full
[08/04/2026-18:49:41] [I] Lean DLL Path: 
[08/04/2026-18:49:41] [I] Tempfile Controls: { in_memory: allow, temporary: allow }
[08/04/2026-18:49:41] [I] Exclude Lean Runtime: Disabled
[08/04/2026-18:49:41] [I] Sparsity: Disabled
[08/04/2026-18:49:41] [I] Safe mode: Disabled
[08/04/2026-18:49:41] [I] Build DLA standalone loadable: Disabled
[08/04/2026-18:49:41] [I] Allow GPU fallback for DLA: Disabled
[08/04/2026-18:49:41] [I] DirectIO mode: Disabled
[08/04/2026-18:49:41] [I] Restricted mode: Disabled
[08/04/2026-18:49:41] [I] Skip inference: Enabled
[08/04/2026-18:49:41] [I] Save engine: /tmp/vit_tc1.engine
[08/04/2026-18:49:41] [I] Load engine: 
[08/04/2026-18:49:41] [I] Profiling verbosity: 0
[08/04/2026-18:49:41] [I] Tactic sources: Using default tactic sources
[08/04/2026-18:49:41] [I] timingCacheMode: global
[08/04/2026-18:49:41] [I] timingCacheFile: /home/nvidia/work/qwen25vl-orin-deploy/results/raw/vit_l2.timingcache
[08/04/2026-18:49:41] [I] Enable Compilation Cache: Enabled
[08/04/2026-18:49:41] [I] errorOnTimingCacheMiss: Disabled
[08/04/2026-18:49:41] [I] Preview Features: Use default preview flags.
[08/04/2026-18:49:41] [I] MaxAuxStreams: -1
[08/04/2026-18:49:41] [I] BuilderOptimizationLevel: 2
[08/04/2026-18:49:41] [I] Calibration Profile Index: 0
[08/04/2026-18:49:41] [I] Weight Streaming: Disabled
[08/04/2026-18:49:41] [I] Runtime Platform: Same As Build
[08/04/2026-18:49:41] [I] Debug Tensors: 
[08/04/2026-18:49:41] [I] Input(s)s format: fp32:CHW
[08/04/2026-18:49:41] [I] Output(s)s format: fp32:CHW
[08/04/2026-18:49:41] [I] Input build shapes: model
[08/04/2026-18:49:41] [I] Input calibration shapes: model
[08/04/2026-18:49:41] [I] === System Options ===
[08/04/2026-18:49:41] [I] Device: 0
[08/04/2026-18:49:41] [I] DLACore: 
[08/04/2026-18:49:41] [I] Plugins:
[08/04/2026-18:49:41] [I] setPluginsToSerialize:
[08/04/2026-18:49:41] [I] dynamicPlugins:
[08/04/2026-18:49:41] [I] ignoreParsedPluginLibs: 0
[08/04/2026-18:49:41] [I] 
[08/04/2026-18:49:41] [I] === Inference Options ===
[08/04/2026-18:49:41] [I] Batch: Explicit
[08/04/2026-18:49:41] [I] Input inference shapes: model
[08/04/2026-18:49:41] [I] Iterations: 10
[08/04/2026-18:49:41] [I] Duration: 3s (+ 200ms warm up)
[08/04/2026-18:49:41] [I] Sleep time: 0ms
[08/04/2026-18:49:41] [I] Idle time: 0ms
[08/04/2026-18:49:41] [I] Inference Streams: 1
[08/04/2026-18:49:41] [I] ExposeDMA: Disabled
[08/04/2026-18:49:41] [I] Data transfers: Enabled
[08/04/2026-18:49:41] [I] Spin-wait: Disabled
[08/04/2026-18:49:41] [I] Multithreading: Disabled
[08/04/2026-18:49:41] [I] CUDA Graph: Disabled
[08/04/2026-18:49:41] [I] Separate profiling: Disabled
[08/04/2026-18:49:41] [I] Time Deserialize: Disabled
[08/04/2026-18:49:41] [I] Time Refit: Disabled
[08/04/2026-18:49:41] [I] NVTX verbosity: 0
[08/04/2026-18:49:41] [I] Persistent Cache Ratio: 0
[08/04/2026-18:49:41] [I] Optimization Profile Index: 0
[08/04/2026-18:49:41] [I] Weight Streaming Budget: 100.000000%
[08/04/2026-18:49:41] [I] Inputs:
[08/04/2026-18:49:41] [I] Debug Tensor Save Destinations:
[08/04/2026-18:49:41] [I] === Reporting Options ===
[08/04/2026-18:49:41] [I] Verbose: Disabled
[08/04/2026-18:49:41] [I] Averages: 10 inferences
[08/04/2026-18:49:41] [I] Percentiles: 90,95,99
[08/04/2026-18:49:41] [I] Dump refittable layers:Disabled
[08/04/2026-18:49:41] [I] Dump output: Disabled
[08/04/2026-18:49:41] [I] Profile: Disabled
[08/04/2026-18:49:41] [I] Export timing to JSON file: 
[08/04/2026-18:49:41] [I] Export output to JSON file: 
[08/04/2026-18:49:41] [I] Export profile to JSON file: 
[08/04/2026-18:49:41] [I] 
[08/04/2026-18:49:41] [I] === Device Information ===
[08/04/2026-18:49:41] [I] Available Devices: 
[08/04/2026-18:49:41] [I]   Device 0: "Orin" UUID: GPU-85259e38-4448-5ed8-8099-1025fc8c4f97
[08/04/2026-18:49:41] [I] Selected Device: Orin
[08/04/2026-18:49:41] [I] Selected Device ID: 0
[08/04/2026-18:49:41] [I] Selected Device UUID: GPU-85259e38-4448-5ed8-8099-1025fc8c4f97
[08/04/2026-18:49:41] [I] Compute Capability: 8.7
[08/04/2026-18:49:41] [I] SMs: 8
[08/04/2026-18:49:41] [I] Device Global Memory: 15655 MiB
[08/04/2026-18:49:41] [I] Shared Memory per SM: 164 KiB
[08/04/2026-18:49:41] [I] Memory Bus Width: 256 bits (ECC disabled)
[08/04/2026-18:49:41] [I] Application Compute Clock Rate: 1.173 GHz
[08/04/2026-18:49:41] [I] Application Memory Clock Rate: 1.173 GHz
[08/04/2026-18:49:41] [I] 
[08/04/2026-18:49:41] [I] Note: The application clock rates do not reflect the actual clock rates that the GPU is currently running at.
[08/04/2026-18:49:41] [I] 
[08/04/2026-18:49:41] [I] TensorRT version: 10.3.0
[08/04/2026-18:49:41] [I] Loading standard plugins
[08/04/2026-18:49:41] [I] [TRT] [MemUsageChange] Init CUDA: CPU +2, GPU +0, now: CPU 31, GPU 3415 (MiB)
[08/04/2026-18:49:43] [I] [TRT] [MemUsageChange] Init builder kernel library: CPU +928, GPU +752, now: CPU 1002, GPU 4212 (MiB)
[08/04/2026-18:49:43] [I] Start parsing network model.
[libprotobuf WARNING google/protobuf/io/coded_stream.cc:604] Reading dangerously large protocol message.  If the message turns out to be larger than 2147483647 bytes, parsing will be halted for security reasons.  To increase the limit (or to disable these warnings), see CodedInputStream::SetTotalBytesLimit() in google/protobuf/io/coded_stream.h.
[libprotobuf WARNING google/protobuf/io/coded_stream.cc:81] The total number of bytes read was 1340752708
[08/04/2026-18:49:44] [I] [TRT] ----------------------------------------------------------------
[08/04/2026-18:49:44] [I] [TRT] Input filename:   onnx/vit_fp16_static.onnx
[08/04/2026-18:49:44] [I] [TRT] ONNX IR version:  0.0.8
[08/04/2026-18:49:44] [I] [TRT] Opset version:    17
[08/04/2026-18:49:44] [I] [TRT] Producer name:    pytorch
[08/04/2026-18:49:44] [I] [TRT] Producer version: 2.12.1
[08/04/2026-18:49:44] [I] [TRT] Domain:           
[08/04/2026-18:49:44] [I] [TRT] Model version:    0
[08/04/2026-18:49:44] [I] [TRT] Doc string:       
[08/04/2026-18:49:44] [I] [TRT] ----------------------------------------------------------------
[08/04/2026-18:49:46] [I] Finished parsing network model. Parse time: 2.83277
[08/04/2026-18:49:46] [W] [TRT] Could not read timing cache from: /home/nvidia/work/qwen25vl-orin-deploy/results/raw/vit_l2.timingcache. A new timing cache will be generated and written.
[08/04/2026-18:49:50] [I] [TRT] Global timing cache in use. Profiling results in this builder pass will be stored.
[08/04/2026-18:49:54] [I] [TRT] Detected 1 inputs and 1 output network tensors.
[08/04/2026-19:45:41] [I] [TRT] Total Host Persistent Memory: 5584
[08/04/2026-19:45:41] [I] [TRT] Total Device Persistent Memory: 0
[08/04/2026-19:45:41] [I] [TRT] Total Scratch Memory: 193074688
[08/04/2026-19:45:41] [I] [TRT] [BlockAssignment] Started assigning block shifts. This will take 10 steps to complete.
[08/04/2026-19:45:41] [I] [TRT] [BlockAssignment] Algorithm ShiftNTopDown took 0.129417ms to assign 5 blocks to 10 nodes requiring 203572224 bytes.
[08/04/2026-19:45:41] [I] [TRT] Total Activation Memory: 203571712
[08/04/2026-19:45:44] [I] [TRT] Total Weights Memory: 1343416144
[08/04/2026-19:45:44] [I] [TRT] Engine generation completed in 3354.64 seconds.
[08/04/2026-19:45:44] [I] [TRT] [MemUsageStats] Peak memory usage of TRT CPU/GPU memory allocators: CPU 7 MiB, GPU 1281 MiB
[08/04/2026-19:45:46] [I] [TRT] [MemUsageStats] Peak memory usage during Engine building and serialization: CPU: 12929 MiB
[08/04/2026-19:45:46] [I] Engine built in 3360.2 sec.
[08/04/2026-19:45:46] [I] Created engine with size: 1324.35 MiB
[08/04/2026-19:45:46] [I] [TRT] Serialized 1847 bytes of code generator cache.
[08/04/2026-19:45:46] [I] [TRT] Serialized 4994405 bytes of compilation cache.
[08/04/2026-19:45:46] [I] [TRT] Serialized 91 timing cache entries
[08/04/2026-19:45:46] [I] [TRT] Saved 5005888 bytes of timing cache to /home/nvidia/work/qwen25vl-orin-deploy/results/raw/vit_l2.timingcache
[08/04/2026-19:45:54] [I] [TRT] Loaded engine size: 1324 MiB
[08/04/2026-19:45:56] [I] Engine deserialized in 4.40499 sec.
[08/04/2026-19:45:56] [I] Skipped inference phase since --skipInference is added.
&&&& PASSED TensorRT.trtexec [TensorRT v100300] # /usr/src/tensorrt/bin/trtexec --onnx=onnx/vit_fp16_static.onnx --saveEngine=/tmp/vit_tc1.engine --stronglyTyped --memPoolSize=workspace:2048 --builderOptimizationLevel=2 --skipInference --timingCacheFile=/home/nvidia/work/qwen25vl-orin-deploy/results/raw/vit_l2.timingcache
