&&&& RUNNING TensorRT.trtexec [TensorRT v100300] # /usr/src/tensorrt/bin/trtexec --onnx=/home/nvidia/work/qwen25vl-orin-deploy/onnx/vit_fp16_static.onnx --saveEngine=/home/nvidia/work/qwen25vl-orin-deploy/engines/vit_fp16_st_L4.engine --stronglyTyped --memPoolSize=workspace:2048 --builderOptimizationLevel=4 --skipInference
[08/04/2026-11:44:05] [I] === Model Options ===
[08/04/2026-11:44:05] [I] Format: ONNX
[08/04/2026-11:44:05] [I] Model: /home/nvidia/work/qwen25vl-orin-deploy/onnx/vit_fp16_static.onnx
[08/04/2026-11:44:05] [I] Output:
[08/04/2026-11:44:05] [I] === Build Options ===
[08/04/2026-11:44:05] [I] Memory Pools: workspace: 2048 MiB, dlaSRAM: default, dlaLocalDRAM: default, dlaGlobalDRAM: default, tacticSharedMem: default
[08/04/2026-11:44:05] [I] avgTiming: 8
[08/04/2026-11:44:05] [I] Precision: Strongly Typed
[08/04/2026-11:44:05] [I] LayerPrecisions: 
[08/04/2026-11:44:05] [I] Layer Device Types: 
[08/04/2026-11:44:05] [I] Calibration: 
[08/04/2026-11:44:05] [I] Refit: Disabled
[08/04/2026-11:44:05] [I] Strip weights: Disabled
[08/04/2026-11:44:05] [I] Version Compatible: Disabled
[08/04/2026-11:44:05] [I] ONNX Plugin InstanceNorm: Disabled
[08/04/2026-11:44:05] [I] TensorRT runtime: full
[08/04/2026-11:44:05] [I] Lean DLL Path: 
[08/04/2026-11:44:05] [I] Tempfile Controls: { in_memory: allow, temporary: allow }
[08/04/2026-11:44:05] [I] Exclude Lean Runtime: Disabled
[08/04/2026-11:44:05] [I] Sparsity: Disabled
[08/04/2026-11:44:05] [I] Safe mode: Disabled
[08/04/2026-11:44:05] [I] Build DLA standalone loadable: Disabled
[08/04/2026-11:44:05] [I] Allow GPU fallback for DLA: Disabled
[08/04/2026-11:44:05] [I] DirectIO mode: Disabled
[08/04/2026-11:44:05] [I] Restricted mode: Disabled
[08/04/2026-11:44:05] [I] Skip inference: Enabled
[08/04/2026-11:44:05] [I] Save engine: /home/nvidia/work/qwen25vl-orin-deploy/engines/vit_fp16_st_L4.engine
[08/04/2026-11:44:05] [I] Load engine: 
[08/04/2026-11:44:05] [I] Profiling verbosity: 0
[08/04/2026-11:44:05] [I] Tactic sources: Using default tactic sources
[08/04/2026-11:44:05] [I] timingCacheMode: local
[08/04/2026-11:44:05] [I] timingCacheFile: 
[08/04/2026-11:44:05] [I] Enable Compilation Cache: Enabled
[08/04/2026-11:44:05] [I] errorOnTimingCacheMiss: Disabled
[08/04/2026-11:44:05] [I] Preview Features: Use default preview flags.
[08/04/2026-11:44:05] [I] MaxAuxStreams: -1
[08/04/2026-11:44:05] [I] BuilderOptimizationLevel: 4
[08/04/2026-11:44:05] [I] Calibration Profile Index: 0
[08/04/2026-11:44:05] [I] Weight Streaming: Disabled
[08/04/2026-11:44:05] [I] Runtime Platform: Same As Build
[08/04/2026-11:44:05] [I] Debug Tensors: 
[08/04/2026-11:44:05] [I] Input(s)s format: fp32:CHW
[08/04/2026-11:44:05] [I] Output(s)s format: fp32:CHW
[08/04/2026-11:44:05] [I] Input build shapes: model
[08/04/2026-11:44:05] [I] Input calibration shapes: model
[08/04/2026-11:44:05] [I] === System Options ===
[08/04/2026-11:44:05] [I] Device: 0
[08/04/2026-11:44:05] [I] DLACore: 
[08/04/2026-11:44:05] [I] Plugins:
[08/04/2026-11:44:05] [I] setPluginsToSerialize:
[08/04/2026-11:44:05] [I] dynamicPlugins:
[08/04/2026-11:44:05] [I] ignoreParsedPluginLibs: 0
[08/04/2026-11:44:05] [I] 
[08/04/2026-11:44:05] [I] === Inference Options ===
[08/04/2026-11:44:05] [I] Batch: Explicit
[08/04/2026-11:44:05] [I] Input inference shapes: model
[08/04/2026-11:44:05] [I] Iterations: 10
[08/04/2026-11:44:05] [I] Duration: 3s (+ 200ms warm up)
[08/04/2026-11:44:05] [I] Sleep time: 0ms
[08/04/2026-11:44:05] [I] Idle time: 0ms
[08/04/2026-11:44:05] [I] Inference Streams: 1
[08/04/2026-11:44:05] [I] ExposeDMA: Disabled
[08/04/2026-11:44:05] [I] Data transfers: Enabled
[08/04/2026-11:44:05] [I] Spin-wait: Disabled
[08/04/2026-11:44:05] [I] Multithreading: Disabled
[08/04/2026-11:44:05] [I] CUDA Graph: Disabled
[08/04/2026-11:44:05] [I] Separate profiling: Disabled
[08/04/2026-11:44:05] [I] Time Deserialize: Disabled
[08/04/2026-11:44:05] [I] Time Refit: Disabled
[08/04/2026-11:44:05] [I] NVTX verbosity: 0
[08/04/2026-11:44:05] [I] Persistent Cache Ratio: 0
[08/04/2026-11:44:05] [I] Optimization Profile Index: 0
[08/04/2026-11:44:05] [I] Weight Streaming Budget: 100.000000%
[08/04/2026-11:44:05] [I] Inputs:
[08/04/2026-11:44:05] [I] Debug Tensor Save Destinations:
[08/04/2026-11:44:05] [I] === Reporting Options ===
[08/04/2026-11:44:05] [I] Verbose: Disabled
[08/04/2026-11:44:05] [I] Averages: 10 inferences
[08/04/2026-11:44:05] [I] Percentiles: 90,95,99
[08/04/2026-11:44:05] [I] Dump refittable layers:Disabled
[08/04/2026-11:44:05] [I] Dump output: Disabled
[08/04/2026-11:44:05] [I] Profile: Disabled
[08/04/2026-11:44:05] [I] Export timing to JSON file: 
[08/04/2026-11:44:05] [I] Export output to JSON file: 
[08/04/2026-11:44:05] [I] Export profile to JSON file: 
[08/04/2026-11:44:05] [I] 
[08/04/2026-11:44:05] [I] === Device Information ===
[08/04/2026-11:44:05] [I] Available Devices: 
[08/04/2026-11:44:05] [I]   Device 0: "Orin" UUID: GPU-85259e38-4448-5ed8-8099-1025fc8c4f97
[08/04/2026-11:44:05] [I] Selected Device: Orin
[08/04/2026-11:44:05] [I] Selected Device ID: 0
[08/04/2026-11:44:05] [I] Selected Device UUID: GPU-85259e38-4448-5ed8-8099-1025fc8c4f97
[08/04/2026-11:44:05] [I] Compute Capability: 8.7
[08/04/2026-11:44:05] [I] SMs: 8
[08/04/2026-11:44:05] [I] Device Global Memory: 15655 MiB
[08/04/2026-11:44:05] [I] Shared Memory per SM: 164 KiB
[08/04/2026-11:44:05] [I] Memory Bus Width: 256 bits (ECC disabled)
[08/04/2026-11:44:05] [I] Application Compute Clock Rate: 1.173 GHz
[08/04/2026-11:44:05] [I] Application Memory Clock Rate: 1.173 GHz
[08/04/2026-11:44:05] [I] 
[08/04/2026-11:44:05] [I] Note: The application clock rates do not reflect the actual clock rates that the GPU is currently running at.
[08/04/2026-11:44:05] [I] 
[08/04/2026-11:44:05] [I] TensorRT version: 10.3.0
[08/04/2026-11:44:05] [I] Loading standard plugins
[08/04/2026-11:44:05] [I] [TRT] [MemUsageChange] Init CUDA: CPU +2, GPU +0, now: CPU 31, GPU 4002 (MiB)
[08/04/2026-11:44:07] [I] [TRT] [MemUsageChange] Init builder kernel library: CPU +928, GPU +751, now: CPU 1002, GPU 4798 (MiB)
[08/04/2026-11:44:07] [I] Start parsing network model.
[libprotobuf WARNING google/protobuf/io/coded_stream.cc:604] Reading dangerously large protocol message.  If the message turns out to be larger than 2147483647 bytes, parsing will be halted for security reasons.  To increase the limit (or to disable these warnings), see CodedInputStream::SetTotalBytesLimit() in google/protobuf/io/coded_stream.h.
[libprotobuf WARNING google/protobuf/io/coded_stream.cc:81] The total number of bytes read was 1340752708
[08/04/2026-11:44:09] [I] [TRT] ----------------------------------------------------------------
[08/04/2026-11:44:09] [I] [TRT] Input filename:   /home/nvidia/work/qwen25vl-orin-deploy/onnx/vit_fp16_static.onnx
[08/04/2026-11:44:09] [I] [TRT] ONNX IR version:  0.0.8
[08/04/2026-11:44:09] [I] [TRT] Opset version:    17
[08/04/2026-11:44:09] [I] [TRT] Producer name:    pytorch
[08/04/2026-11:44:09] [I] [TRT] Producer version: 2.12.1
[08/04/2026-11:44:09] [I] [TRT] Domain:           
[08/04/2026-11:44:09] [I] [TRT] Model version:    0
[08/04/2026-11:44:09] [I] [TRT] Doc string:       
[08/04/2026-11:44:09] [I] [TRT] ----------------------------------------------------------------
[08/04/2026-11:44:10] [I] Finished parsing network model. Parse time: 2.84349
[08/04/2026-11:44:12] [I] [TRT] Local timing cache in use. Profiling results in this builder pass will not be stored.
[08/04/2026-11:44:19] [I] [TRT] Detected 1 inputs and 1 output network tensors.
[08/04/2026-12:39:54] [I] [TRT] Total Host Persistent Memory: 5584
[08/04/2026-12:39:54] [I] [TRT] Total Device Persistent Memory: 0
[08/04/2026-12:39:54] [I] [TRT] Total Scratch Memory: 193074688
[08/04/2026-12:39:54] [I] [TRT] [BlockAssignment] Started assigning block shifts. This will take 9 steps to complete.
[08/04/2026-12:39:54] [I] [TRT] [BlockAssignment] Algorithm ShiftNTopDown took 0.08909ms to assign 5 blocks to 9 nodes requiring 203573248 bytes.
[08/04/2026-12:39:54] [I] [TRT] Total Activation Memory: 203573248
[08/04/2026-12:39:57] [I] [TRT] Total Weights Memory: 1343416144
[08/04/2026-12:39:57] [I] [TRT] Engine generation completed in 3344.98 seconds.
[08/04/2026-12:39:59] [I] [TRT] [MemUsageChange] TensorRT-managed allocation in IExecutionContext creation: CPU +0, GPU +194, now: CPU 0, GPU 1475 (MiB)
[08/04/2026-12:40:00] [E] Error[1]: [resizingAllocator.cpp::allocate::75] Error Code 1: Cuda Runtime (operation not permitted when stream is capturing)
[08/04/2026-12:40:00] [W] [TRT] Requested amount of GPU memory (5632 bytes) could not be allocated. There may not be enough free memory for allocation to succeed.
[08/04/2026-12:40:00] [E] Error[2]: [executionContext.cpp::handleTrainStationRunnerPhase2::255] Error Code 2: OutOfMemory (Requested size was 5632 bytes.)
[08/04/2026-12:40:00] [I] [TRT] The engine is not graph capturable. Falling back to not using CUDA graphs.
[08/04/2026-12:40:06] [I] [TRT] Local timing cache in use. Profiling results in this builder pass will not be stored.
[08/04/2026-12:40:18] [I] [TRT] Detected 1 inputs and 1 output network tensors.
[08/04/2026-13:42:51] [I] [TRT] Total Host Persistent Memory: 5584
[08/04/2026-13:42:51] [I] [TRT] Total Device Persistent Memory: 0
[08/04/2026-13:42:51] [I] [TRT] Total Scratch Memory: 193074688
[08/04/2026-13:42:51] [I] [TRT] [BlockAssignment] Started assigning block shifts. This will take 10 steps to complete.
[08/04/2026-13:42:51] [I] [TRT] [BlockAssignment] Algorithm ShiftNTopDown took 0.116485ms to assign 5 blocks to 10 nodes requiring 203572224 bytes.
[08/04/2026-13:42:51] [I] [TRT] Total Activation Memory: 203571712
[08/04/2026-13:42:59] [I] [TRT] Total Weights Memory: 1343416144
[08/04/2026-13:42:59] [I] [TRT] Engine generation completed in 3773 seconds.
[08/04/2026-13:43:02] [I] [TRT] [MemUsageChange] TensorRT-managed allocation in IExecutionContext creation: CPU +0, GPU +194, now: CPU 0, GPU 2757 (MiB)
[08/04/2026-13:43:03] [E] Error[1]: [resizingAllocator.cpp::allocate::75] Error Code 1: Cuda Runtime (operation not permitted when stream is capturing)
[08/04/2026-13:43:03] [W] [TRT] Requested amount of GPU memory (5632 bytes) could not be allocated. There may not be enough free memory for allocation to succeed.
[08/04/2026-13:43:03] [E] Error[2]: [executionContext.cpp::handleTrainStationRunnerPhase2::255] Error Code 2: OutOfMemory (Requested size was 5632 bytes.)
[08/04/2026-13:43:03] [I] [TRT] The engine is not graph capturable. Falling back to not using CUDA graphs.
[08/04/2026-13:43:10] [I] [TRT] [MemUsageStats] Peak memory usage of TRT CPU/GPU memory allocators: CPU 7 MiB, GPU 2770 MiB
[08/04/2026-13:43:10] [I] [TRT] [MemUsageStats] Peak memory usage during Engine building and serialization: CPU: 13000 MiB
[08/04/2026-13:43:11] [I] Engine built in 7140.35 sec.
[08/04/2026-13:43:11] [I] Created engine with size: 1324.35 MiB
[08/04/2026-13:43:16] [I] [TRT] Loaded engine size: 1324 MiB
[08/04/2026-13:43:18] [I] Engine deserialized in 3.52765 sec.
[08/04/2026-13:43:18] [I] Skipped inference phase since --skipInference is added.
&&&& PASSED TensorRT.trtexec [TensorRT v100300] # /usr/src/tensorrt/bin/trtexec --onnx=/home/nvidia/work/qwen25vl-orin-deploy/onnx/vit_fp16_static.onnx --saveEngine=/home/nvidia/work/qwen25vl-orin-deploy/engines/vit_fp16_st_L4.engine --stronglyTyped --memPoolSize=workspace:2048 --builderOptimizationLevel=4 --skipInference
